../Core/Src/stm32h7xx_it.c:96:6:NMI_Handler	4	static
../Core/Src/stm32h7xx_it.c:111:6:HardFault_Handler	4	static
../Core/Src/stm32h7xx_it.c:126:6:MemManage_Handler	4	static
../Core/Src/stm32h7xx_it.c:141:6:BusFault_Handler	4	static
../Core/Src/stm32h7xx_it.c:156:6:UsageFault_Handler	4	static
../Core/Src/stm32h7xx_it.c:171:6:DebugMon_Handler	4	static
../Core/Src/stm32h7xx_it.c:191:6:PVD_AVD_IRQHandler	8	static
../Core/Src/stm32h7xx_it.c:205:6:FLASH_IRQHandler	8	static
../Core/Src/stm32h7xx_it.c:219:6:RCC_IRQHandler	4	static
../Core/Src/stm32h7xx_it.c:232:6:EXTI2_IRQHandler	8	static
../Core/Src/stm32h7xx_it.c:246:6:DMA1_Stream0_IRQHandler	8	static
../Core/Src/stm32h7xx_it.c:260:6:DMA1_Stream1_IRQHandler	8	static
../Core/Src/stm32h7xx_it.c:274:6:DMA1_Stream2_IRQHandler	8	static
../Core/Src/stm32h7xx_it.c:288:6:DMA1_Stream3_IRQHandler	8	static
../Core/Src/stm32h7xx_it.c:302:6:DMA1_Stream4_IRQHandler	8	static
../Core/Src/stm32h7xx_it.c:316:6:DMA1_Stream5_IRQHandler	8	static
../Core/Src/stm32h7xx_it.c:330:6:DMA1_Stream6_IRQHandler	8	static
../Core/Src/stm32h7xx_it.c:344:6:ADC_IRQHandler	8	static
../Core/Src/stm32h7xx_it.c:358:6:I2C2_EV_IRQHandler	8	static
../Core/Src/stm32h7xx_it.c:372:6:I2C2_ER_IRQHandler	8	static
../Core/Src/stm32h7xx_it.c:386:6:SPI1_IRQHandler	8	static
../Core/Src/stm32h7xx_it.c:400:6:SPI2_IRQHandler	8	static
../Core/Src/stm32h7xx_it.c:414:6:USART2_IRQHandler	8	static
../Core/Src/stm32h7xx_it.c:428:6:TIM8_BRK_TIM12_IRQHandler	8	static
../Core/Src/stm32h7xx_it.c:442:6:TIM8_UP_TIM13_IRQHandler	8	static
../Core/Src/stm32h7xx_it.c:456:6:TIM8_TRG_COM_TIM14_IRQHandler	8	static
../Core/Src/stm32h7xx_it.c:470:6:TIM8_CC_IRQHandler	8	static
../Core/Src/stm32h7xx_it.c:484:6:DMA1_Stream7_IRQHandler	8	static
../Core/Src/stm32h7xx_it.c:498:6:FMC_IRQHandler	8	static
../Core/Src/stm32h7xx_it.c:513:6:SDMMC1_IRQHandler	8	static
../Core/Src/stm32h7xx_it.c:527:6:UART4_IRQHandler	8	static
../Core/Src/stm32h7xx_it.c:541:6:DMA2_Stream0_IRQHandler	8	static
../Core/Src/stm32h7xx_it.c:555:6:DMA2_Stream1_IRQHandler	8	static
../Core/Src/stm32h7xx_it.c:569:6:FPU_IRQHandler	4	static
../Core/Src/stm32h7xx_it.c:582:6:SPI5_IRQHandler	8	static
../Core/Src/stm32h7xx_it.c:596:6:DMA2D_IRQHandler	8	static
../Core/Src/stm32h7xx_it.c:610:6:QUADSPI_IRQHandler	8	static
../Core/Src/stm32h7xx_it.c:624:6:I2C4_EV_IRQHandler	8	static
../Core/Src/stm32h7xx_it.c:638:6:I2C4_ER_IRQHandler	8	static
../Core/Src/stm32h7xx_it.c:652:6:OTG_FS_EP1_OUT_IRQHandler	8	static
../Core/Src/stm32h7xx_it.c:666:6:OTG_FS_EP1_IN_IRQHandler	8	static
../Core/Src/stm32h7xx_it.c:680:6:OTG_FS_IRQHandler	8	static
../Core/Src/stm32h7xx_it.c:694:6:TIM17_IRQHandler	8	static
../Core/Src/stm32h7xx_it.c:708:6:JPEG_IRQHandler	8	static
../Core/Src/stm32h7xx_it.c:722:6:HSEM1_IRQHandler	8	static
